Matched: true Error: <nil>
Matched: false Error: <nil>
Matched: false Error: error parsing regexp: missing closing ): `(bad regexp`
