0  =>  root
1  =>  *
2  =>  0
3  =>  0
4  =>  System Administrator
5  =>  /root
6  =>  /bin/sh
