0  =>  This
1  =>  that
2  =>  and
3  =>  the
4  =>  other
