this, that, or the other
this, that, and the other
