0 => "one" from "[one]"
1 => "two" from "[two]"
2 => "three" from "[three]"
